// Jest Snapshot v1, https://goo.gl/fbAQLP

exports[`renders correctly 1`] = `
<a
  aria-current="page"
  className="active"
  href="/"
  onClick={[Function]}
>
  Home
</a>
`;
